============================= test session starts ==============================
platform linux -- Python 3.10.12, pytest-9.0.3, pluggy-1.6.0 -- /usr/bin/python3
cachedir: .pytest_cache
rootdir: /home/sairam/projects/MLOps_project/backend
plugins: anyio-4.3.0, jaxtyping-0.3.7, time-machine-2.14.1, hydra-core-1.3.2
collecting ... collected 20 items

tests/test_api.py::test_health_returns_200 PASSED                        [  5%]
tests/test_api.py::test_health_degraded_when_model_not_loaded PASSED     [ 10%]
tests/test_api.py::test_ready_returns_true_when_model_loaded PASSED      [ 15%]
tests/test_api.py::test_ready_returns_false_when_model_not_loaded PASSED [ 20%]
tests/test_api.py::test_predict_valid_window_normal PASSED               [ 25%]
tests/test_api.py::test_predict_valid_window_anomaly PASSED              [ 30%]
tests/test_api.py::test_predict_wrong_seq_len_returns_422 PASSED         [ 35%]
tests/test_api.py::test_predict_wrong_feature_count_returns_422 PASSED   [ 40%]
tests/test_api.py::test_predict_model_not_ready_returns_503 PASSED       [ 45%]
tests/test_api.py::test_predict_with_engine_metadata PASSED              [ 50%]
tests/test_api.py::test_metrics_endpoint_returns_200 PASSED              [ 55%]
tests/test_model.py::test_model_output_shape PASSED                      [ 60%]
tests/test_model.py::test_reconstruction_error_shape PASSED              [ 65%]
tests/test_model.py::test_reconstruction_error_is_non_negative PASSED    [ 70%]
tests/test_model.py::test_perfect_reconstruction_gives_zero_error PASSED [ 75%]
tests/test_model.py::test_classify_normal PASSED                         [ 80%]
tests/test_model.py::test_classify_low_severity PASSED                   [ 85%]
tests/test_model.py::test_classify_high_severity PASSED                  [ 90%]
tests/test_model.py::test_classify_at_exact_threshold_is_normal PASSED   [ 95%]
tests/test_model.py::test_classify_score_is_rounded PASSED               [100%]

=============================== warnings summary ===============================
../../../.local/lib/python3.10/site-packages/mlflow/utils/requirements_utils.py:20
  /home/sairam/.local/lib/python3.10/site-packages/mlflow/utils/requirements_utils.py:20: UserWarning: pkg_resources is deprecated as an API. See https://setuptools.pypa.io/en/latest/pkg_resources.html. The pkg_resources package is slated for removal as early as 2025-11-30. Refrain from using this package or pin to Setuptools<81.
    import pkg_resources  # noqa: TID251

../../../.local/lib/python3.10/site-packages/mlflow/gateway/config.py:66
  /home/sairam/.local/lib/python3.10/site-packages/mlflow/gateway/config.py:66: PydanticDeprecatedSince20: Pydantic V1 style `@validator` validators are deprecated. You should migrate to Pydantic V2 style `@field_validator` validators, see the migration guide for more details. Deprecated in Pydantic V2.0 to be removed in V3.0. See Pydantic V2 Migration Guide at https://errors.pydantic.dev/2.12/migration/
    @validator("cohere_api_key", pre=True)

../../../.local/lib/python3.10/site-packages/mlflow/gateway/config.py:74
  /home/sairam/.local/lib/python3.10/site-packages/mlflow/gateway/config.py:74: PydanticDeprecatedSince20: Pydantic V1 style `@validator` validators are deprecated. You should migrate to Pydantic V2 style `@field_validator` validators, see the migration guide for more details. Deprecated in Pydantic V2.0 to be removed in V3.0. See Pydantic V2 Migration Guide at https://errors.pydantic.dev/2.12/migration/
    @validator("ai21labs_api_key", pre=True)

../../../.local/lib/python3.10/site-packages/mlflow/gateway/config.py:83
  /home/sairam/.local/lib/python3.10/site-packages/mlflow/gateway/config.py:83: PydanticDeprecatedSince20: Pydantic V1 style `@validator` validators are deprecated. You should migrate to Pydantic V2 style `@field_validator` validators, see the migration guide for more details. Deprecated in Pydantic V2.0 to be removed in V3.0. See Pydantic V2 Migration Guide at https://errors.pydantic.dev/2.12/migration/
    @validator("mosaicml_api_key", pre=True)

../../../.local/lib/python3.10/site-packages/mlflow/gateway/config.py:113
  /home/sairam/.local/lib/python3.10/site-packages/mlflow/gateway/config.py:113: PydanticDeprecatedSince20: Pydantic V1 style `@validator` validators are deprecated. You should migrate to Pydantic V2 style `@field_validator` validators, see the migration guide for more details. Deprecated in Pydantic V2.0 to be removed in V3.0. See Pydantic V2 Migration Guide at https://errors.pydantic.dev/2.12/migration/
    @validator("openai_api_key", pre=True)

../../../.local/lib/python3.10/site-packages/mlflow/gateway/config.py:170
  /home/sairam/.local/lib/python3.10/site-packages/mlflow/gateway/config.py:170: PydanticDeprecatedSince20: Pydantic V1 style `@validator` validators are deprecated. You should migrate to Pydantic V2 style `@field_validator` validators, see the migration guide for more details. Deprecated in Pydantic V2.0 to be removed in V3.0. See Pydantic V2 Migration Guide at https://errors.pydantic.dev/2.12/migration/
    @validator("anthropic_api_key", pre=True)

../../../.local/lib/python3.10/site-packages/mlflow/gateway/config.py:178
  /home/sairam/.local/lib/python3.10/site-packages/mlflow/gateway/config.py:178: PydanticDeprecatedSince20: Pydantic V1 style `@validator` validators are deprecated. You should migrate to Pydantic V2 style `@field_validator` validators, see the migration guide for more details. Deprecated in Pydantic V2.0 to be removed in V3.0. See Pydantic V2 Migration Guide at https://errors.pydantic.dev/2.12/migration/
    @validator("palm_api_key", pre=True)

../../../.local/lib/python3.10/site-packages/mlflow/gateway/config.py:218
  /home/sairam/.local/lib/python3.10/site-packages/mlflow/gateway/config.py:218: PydanticDeprecatedSince20: Pydantic V1 style `@validator` validators are deprecated. You should migrate to Pydantic V2 style `@field_validator` validators, see the migration guide for more details. Deprecated in Pydantic V2.0 to be removed in V3.0. See Pydantic V2 Migration Guide at https://errors.pydantic.dev/2.12/migration/
    @validator("mistral_api_key", pre=True)

../../../.local/lib/python3.10/site-packages/mlflow/gateway/config.py:297
  /home/sairam/.local/lib/python3.10/site-packages/mlflow/gateway/config.py:297: PydanticDeprecatedSince20: Pydantic V1 style `@validator` validators are deprecated. You should migrate to Pydantic V2 style `@field_validator` validators, see the migration guide for more details. Deprecated in Pydantic V2.0 to be removed in V3.0. See Pydantic V2 Migration Guide at https://errors.pydantic.dev/2.12/migration/
    @validator("provider", pre=True)

../../../.local/lib/python3.10/site-packages/mlflow/gateway/config.py:318
  /home/sairam/.local/lib/python3.10/site-packages/mlflow/gateway/config.py:318: PydanticDeprecatedSince20: Pydantic V1 style `@validator` validators are deprecated. You should migrate to Pydantic V2 style `@field_validator` validators, see the migration guide for more details. Deprecated in Pydantic V2.0 to be removed in V3.0. See Pydantic V2 Migration Guide at https://errors.pydantic.dev/2.12/migration/
    @validator("config", pre=True)

../../../.local/lib/python3.10/site-packages/mlflow/gateway/config.py:358
  /home/sairam/.local/lib/python3.10/site-packages/mlflow/gateway/config.py:358: PydanticDeprecatedSince20: Pydantic V1 style `@validator` validators are deprecated. You should migrate to Pydantic V2 style `@field_validator` validators, see the migration guide for more details. Deprecated in Pydantic V2.0 to be removed in V3.0. See Pydantic V2 Migration Guide at https://errors.pydantic.dev/2.12/migration/
    @validator("name")

../../../.local/lib/python3.10/site-packages/mlflow/gateway/config.py:368
  /home/sairam/.local/lib/python3.10/site-packages/mlflow/gateway/config.py:368: PydanticDeprecatedSince20: Pydantic V1 style `@validator` validators are deprecated. You should migrate to Pydantic V2 style `@field_validator` validators, see the migration guide for more details. Deprecated in Pydantic V2.0 to be removed in V3.0. See Pydantic V2 Migration Guide at https://errors.pydantic.dev/2.12/migration/
    @validator("model", pre=True)

../../../.local/lib/python3.10/site-packages/mlflow/gateway/config.py:379
  /home/sairam/.local/lib/python3.10/site-packages/mlflow/gateway/config.py:379: PydanticDeprecatedSince20: Pydantic V1 style `@root_validator` validators are deprecated. You should migrate to Pydantic V2 style `@model_validator` validators, see the migration guide for more details. Deprecated in Pydantic V2.0 to be removed in V3.0. See Pydantic V2 Migration Guide at https://errors.pydantic.dev/2.12/migration/
    @root_validator(skip_on_failure=True)

../../../.local/lib/python3.10/site-packages/mlflow/gateway/config.py:401
  /home/sairam/.local/lib/python3.10/site-packages/mlflow/gateway/config.py:401: PydanticDeprecatedSince20: Pydantic V1 style `@validator` validators are deprecated. You should migrate to Pydantic V2 style `@field_validator` validators, see the migration guide for more details. Deprecated in Pydantic V2.0 to be removed in V3.0. See Pydantic V2 Migration Guide at https://errors.pydantic.dev/2.12/migration/
    @validator("route_type", pre=True)

../../../.local/lib/python3.10/site-packages/mlflow/gateway/config.py:407
  /home/sairam/.local/lib/python3.10/site-packages/mlflow/gateway/config.py:407: PydanticDeprecatedSince20: Pydantic V1 style `@validator` validators are deprecated. You should migrate to Pydantic V2 style `@field_validator` validators, see the migration guide for more details. Deprecated in Pydantic V2.0 to be removed in V3.0. See Pydantic V2 Migration Guide at https://errors.pydantic.dev/2.12/migration/
    @validator("limit", pre=True)

../../../.local/lib/python3.10/site-packages/mlflow/gateway/config.py:457
  /home/sairam/.local/lib/python3.10/site-packages/mlflow/gateway/config.py:457: PydanticDeprecatedSince20: Support for class-based `config` is deprecated, use ConfigDict instead. Deprecated in Pydantic V2.0 to be removed in V3.0. See Pydantic V2 Migration Guide at https://errors.pydantic.dev/2.12/migration/
    class Route(ConfigModel):

-- Docs: https://docs.pytest.org/en/stable/how-to/capture-warnings.html
======================= 20 passed, 16 warnings in 5.91s ========================
